21:41:15 **** Incremental Build of configuration Debug for project Lazar_Jakovljeivc ****
make -j16 all 
arm-none-eabi-gcc "../Core/Src/main.c" -mcpu=cortex-m3 -std=gnu11 -g3 -DDEBUG -DUSE_HAL_DRIVER -DSTM32F103x6 -c -I../Core/Inc -I../Drivers/STM32F1xx_HAL_Driver/Inc/Legacy -I../Drivers/STM32F1xx_HAL_Driver/Inc -I../Drivers/CMSIS/Device/ST/STM32F1xx/Include -I../Drivers/CMSIS/Include -O0 -ffunction-sections -fdata-sections -Wall -fstack-usage -fcyclomatic-complexity -MMD -MP -MF"Core/Src/main.d" -MT"Core/Src/main.o" --specs=nano.specs -mfloat-abi=soft -mthumb -o "Core/Src/main.o"
arm-none-eabi-gcc -o "Lazar_Jakovljeivc.elf" @"objects.list"   -mcpu=cortex-m3 -T"D:\fucks\mips\lazar imbecil mrtvi\imbecil\Lazar_Jakovljeivc\STM32F103C6TX_FLASH.ld" --specs=nosys.specs -Wl,-Map="Lazar_Jakovljeivc.map" -Wl,--gc-sections -static --specs=nano.specs -mfloat-abi=soft -mthumb -Wl,--start-group -lc -lm -Wl,--end-group
Finished building target: Lazar_Jakovljeivc.elf
 
arm-none-eabi-size   Lazar_Jakovljeivc.elf 
arm-none-eabi-objdump -h -S  Lazar_Jakovljeivc.elf  > "Lazar_Jakovljeivc.list"
arm-none-eabi-objcopy  -O ihex  Lazar_Jakovljeivc.elf  "Lazar_Jakovljeivc.hex"
arm-none-eabi-objcopy  -O binary  Lazar_Jakovljeivc.elf  "Lazar_Jakovljeivc.bin"
   text	   data	    bss	    dec	    hex	filename
   4608	     20	   1572	   6200	   1838	Lazar_Jakovljeivc.elf
Finished building: default.size.stdout
 
Finished building: Lazar_Jakovljeivc.hex
Finished building: Lazar_Jakovljeivc.bin
 
Finished building: Lazar_Jakovljeivc.list
 
 
